################################################################################
#                                                                              #
#      IAR Universal Linker V5.7.0.39                                          #
#                                                                              #
#           Link time     =  30/Apr/2014  15:13:43                             #
#           Target CPU    =  x51                                               #
#           List file     =  "C:\Users\Administrator\Downloads\CC2530 BasicRF_ #
#                            RX\CC2530 BasicRF\ide\srf05_cc2530\iar\temp\light #
#                            _switch.map"                                      #
#           Output file 1 =  "C:\Users\Administrator\Downloads\CC2530 BasicRF_ #
#                            RX\CC2530 BasicRF\ide\srf05_cc2530\iar\light_swit #
#                            ch.hex"                                           #
#                            Format: intel-extended                            #
#           Output file 2 =  "C:\Users\Administrator\Downloads\CC2530 BasicRF_ #
#                            RX\CC2530 BasicRF\ide\srf05_cc2530\iar\light_swit #
#                            ch.d51"                                           #
#                            Format: debug                                     #
#                            UBROF version 10.0.6                              #
#                            Using library modules for C-SPY (-rt)             #
#           Command line  =  "-IC:\Program Files\IAR Systems\Embedded Workbenc #
#                            h 6.5\8051\CONFIG\"                               #
#                            -D_NR_OF_BANKS=0 -D_CODEBANK_END=0                #
#                            -D_CODEBANK_START=0                               #
#                            "C:\Users\Administrator\Downloads\CC2530 BasicRF_ #
#                            RX\CC2530 BasicRF\ide\srf05_cc2530\iar\temp\light #
#                            _switch\adc.r51"                                  #
#                            "C:\Users\Administrator\Downloads\CC2530 BasicRF_ #
#                            RX\CC2530 BasicRF\ide\srf05_cc2530\iar\temp\light #
#                            _switch\basic_rf.r51"                             #
#                            "C:\Users\Administrator\Downloads\CC2530 BasicRF_ #
#                            RX\CC2530 BasicRF\ide\srf05_cc2530\iar\temp\light #
#                            _switch\basic_rf_security.r51"                    #
#                            "C:\Users\Administrator\Downloads\CC2530 BasicRF_ #
#                            RX\CC2530 BasicRF\ide\srf05_cc2530\iar\temp\light #
#                            _switch\clock.r51"                                #
#                            "C:\Users\Administrator\Downloads\CC2530 BasicRF_ #
#                            RX\CC2530 BasicRF\ide\srf05_cc2530\iar\temp\light #
#                            _switch\hal_assert.r51"                           #
#                            "C:\Users\Administrator\Downloads\CC2530 BasicRF_ #
#                            RX\CC2530 BasicRF\ide\srf05_cc2530\iar\temp\light #
#                            _switch\hal_board.r51"                            #
#                            "C:\Users\Administrator\Downloads\CC2530 BasicRF_ #
#                            RX\CC2530 BasicRF\ide\srf05_cc2530\iar\temp\light #
#                            _switch\hal_button.r51"                           #
#                            "C:\Users\Administrator\Downloads\CC2530 BasicRF_ #
#                            RX\CC2530 BasicRF\ide\srf05_cc2530\iar\temp\light #
#                            _switch\hal_digio.r51"                            #
#                            "C:\Users\Administrator\Downloads\CC2530 BasicRF_ #
#                            RX\CC2530 BasicRF\ide\srf05_cc2530\iar\temp\light #
#                            _switch\hal_int.r51"                              #
#                            "C:\Users\Administrator\Downloads\CC2530 BasicRF_ #
#                            RX\CC2530 BasicRF\ide\srf05_cc2530\iar\temp\light #
#                            _switch\hal_joystick.r51"                         #
#                            "C:\Users\Administrator\Downloads\CC2530 BasicRF_ #
#                            RX\CC2530 BasicRF\ide\srf05_cc2530\iar\temp\light #
#                            _switch\hal_lcd_srf05.r51"                        #
#                            "C:\Users\Administrator\Downloads\CC2530 BasicRF_ #
#                            RX\CC2530 BasicRF\ide\srf05_cc2530\iar\temp\light #
#                            _switch\hal_led.r51"                              #
#                            "C:\Users\Administrator\Downloads\CC2530 BasicRF_ #
#                            RX\CC2530 BasicRF\ide\srf05_cc2530\iar\temp\light #
#                            _switch\hal_mcu.r51"                              #
#                            "C:\Users\Administrator\Downloads\CC2530 BasicRF_ #
#                            RX\CC2530 BasicRF\ide\srf05_cc2530\iar\temp\light #
#                            _switch\hal_rf.r51"                               #
#                            "C:\Users\Administrator\Downloads\CC2530 BasicRF_ #
#                            RX\CC2530 BasicRF\ide\srf05_cc2530\iar\temp\light #
#                            _switch\hal_rf_security.r51"                      #
#                            "C:\Users\Administrator\Downloads\CC2530 BasicRF_ #
#                            RX\CC2530 BasicRF\ide\srf05_cc2530\iar\temp\light #
#                            _switch\light_switch.r51"                         #
#                            "C:\Users\Administrator\Downloads\CC2530 BasicRF_ #
#                            RX\CC2530 BasicRF\ide\srf05_cc2530\iar\temp\light #
#                            _switch\util.r51"                                 #
#                            "C:\Users\Administrator\Downloads\CC2530 BasicRF_ #
#                            RX\CC2530 BasicRF\ide\srf05_cc2530\iar\temp\light #
#                            _switch\util_buffer.r51"                          #
#                            "C:\Users\Administrator\Downloads\CC2530 BasicRF_ #
#                            RX\CC2530 BasicRF\ide\srf05_cc2530\iar\temp\light #
#                            _switch\util_lcd.r51"                             #
#                            -o                                                #
#                            "C:\Users\Administrator\Downloads\CC2530 BasicRF_ #
#                            RX\CC2530 BasicRF\ide\srf05_cc2530\iar\light_swit #
#                            ch.d51"                                           #
#                            -l                                                #
#                            "C:\Users\Administrator\Downloads\CC2530 BasicRF_ #
#                            RX\CC2530 BasicRF\ide\srf05_cc2530\iar\temp\light #
#                            _switch.map"                                      #
#                            -xmsn                                             #
#                            "-IC:\Program Files\IAR Systems\Embedded Workbenc #
#                            h 6.5\8051\LIB\"                                  #
#                            -f                                                #
#                            "C:\Program Files\IAR Systems\Embedded Workbench  #
#                            6.5\8051\config\devices\Texas Instruments\lnk51ew #
#                            _cc2530F256.xcl"                                  #
#                            (-D_IDATA0_START=0x00 -D_IDATA0_END=0xFF          #
#                            -D_PDATA0_START=0x1E00 -D_PDATA0_END=0x1EFF       #
#                            -D_IXDATA0_START=0x0001 -D_IXDATA0_END=0x1EFF     #
#                            -D_XDATA0_START=_IXDATA0_START                    #
#                            -D_XDATA0_END=_IXDATA0_END                        #
#                            -D_CODE0_START=0x0000 -D_CODE0_END=0xFFFF         #
#                            -D?REGISTER_BANK=0x0 -D_REGISTER_BANK_START=0x0   #
#                            -D_BREG_START=0x00 -D?VB=0x20                     #
#                            -Z(BIT)BREG=_BREG_START -Z(BIT)BIT_N=0-7F         #
#                            -Z(DATA)REGISTERS+8=_REGISTER_BANK_START          #
#                            -Z(DATA)BDATA_Z,BDATA_N,BDATA_I=20-2F             #
#                            -Z(DATA)VREG=08-7F -Z(DATA)PSP,XSP=08-7F          #
#                            -Z(DATA)DOVERLAY=08-7F                            #
#                            -Z(DATA)DATA_I,DATA_Z,DATA_N=08-7F                #
#                            -U(IDATA)0-7F=(DATA)0-7F                          #
#                            -Z(IDATA)IDATA_I,IDATA_Z,IDATA_N=08-_IDATA0_END   #
#                            -Z(IDATA)ISTACK+_IDATA_STACK_SIZE#08-_IDATA0_END  #
#                            -Z(IDATA)IOVERLAY=08-FF -Z(CODE)INTVEC=0          #
#                            -Z(CODE)CSTART=_CODE0_START-_CODE0_END            #
#                            -Z(CODE)BIT_ID,BDATA_ID,DATA_ID,IDATA_ID,IXDATA_I #
#                            D,PDATA_ID,XDATA_ID=_CODE0_START-_CODE0_END       #
#                            -Z(CODE)RCODE,DIFUNCT,CODE_C,CODE_N,NEAR_CODE=_CO #
#                            DE0_START-_CODE0_END                              #
#                            -Z(CODE)CHECKSUM#_CODE0_END                       #
#                            -Z(XDATA)PDATA_Z,PDATA_I=_PDATA0_START-_PDATA0_EN #
#                            D                                                 #
#                            -P(XDATA)PDATA_N=_PDATA0_START-_PDATA0_END        #
#                            -Z(XDATA)PSTACK+_PDATA_STACK_SIZE=_PDATA0_START-_ #
#                            PDATA0_END                                        #
#                            -Z(XDATA)EXT_STACK+_EXTENDED_STACK_SIZE=_EXTENDED #
#                            _STACK_START                                      #
#                            -Z(XDATA)XSTACK+_XDATA_STACK_SIZE=_XDATA0_START-_ #
#                            XDATA0_END                                        #
#                            -Z(XDATA)IXDATA_Z,IXDATA_I=_IXDATA0_START-_IXDATA #
#                            0_END                                             #
#                            -P(XDATA)IXDATA_N=_IXDATA0_START-_IXDATA0_END     #
#                            -Z(XDATA)XDATA_Z,XDATA_I=_XDATA0_START-_XDATA0_EN #
#                            D                                                 #
#                            -P(XDATA)XDATA_N=_XDATA0_START-_XDATA0_END        #
#                            -Z(XDATA)XDATA_HEAP+_XDATA_HEAP_SIZE=_XDATA0_STAR #
#                            T-_XDATA0_END                                     #
#                            -Z(CONST)XDATA_ROM_C=_XDATA0_START-_XDATA0_END    #
#                            -cx51) -D_NR_OF_VIRTUAL_REGISTERS=8               #
#                            -D?PBANK=0x93 -e_medium_write=_formatted_write    #
#                            -e_medium_read=_formatted_read -rt                #
#                            "-Ointel-extended=C:\Users\Administrator\Download #
#                            s\CC2530 BasicRF_RX\CC2530 BasicRF\ide\srf05_cc25 #
#                            30\iar\light_switch.hex"                          #
#                            -s __program_start                                #
#                            "C:\Program Files\IAR Systems\Embedded Workbench  #
#                            6.5\8051\LIB\CLIB\cl-pli-nlxd-1e16x01.r51"        #
#                            -D_IDATA_STACK_SIZE=0x40 -D?ESP=0 -D?ESP_MASK=0   #
#                            -D_EXTENDED_STACK_START=0                         #
#                            -D_EXTENDED_STACK_SIZE=0                          #
#                            -D_PDATA_STACK_SIZE=0x80                          #
#                            -D_XDATA_STACK_SIZE=0x100                         #
#                            -D_XDATA_HEAP_SIZE=0xFF -D_FAR_HEAP_SIZE=0xFFF    #
#                            -D_HUGE_HEAP_SIZE=0xFFF                           #
#                            -D_FAR22_HEAP_SIZE=0xFFF                          #
#                                                                              #
#                           Copyright (C) 1987-2013 IAR Systems AB.            #
################################################################################





                ****************************************
                *                                      *
                *           CROSS REFERENCE            *
                *                                      *
                ****************************************

       Program entry at : CODE      000000C7  Relocatable, from module : CSTARTUP




                ****************************************
                *                                      *
                *            RUNTIME MODEL             *
                *                                      *
                ****************************************

  __SystemLibrary          = CLib
  __calling_convention     = xdata_reentrant
  __code_model             = near
  __core                   = plain
  __data_model             = large
  __dptr_size              = 16
  __extended_stack         = disabled
  __location_for_constants = data
  __number_of_dptrs        = 1
  __rt_version             = 1

                ****************************************
                *                                      *
                *    AUTOMATIC SYMBOL REDIRECTIONS     *
                *                                      *
                ****************************************

                  There are no automatic symbol redirections.



                ****************************************
                *                                      *
                *              MODULE MAP              *
                *                                      *
                ****************************************


  DEFINED ABSOLUTE ENTRIES
    *************************************************************************

  DEFINED ABSOLUTE ENTRIES
  PROGRAM MODULE, NAME : ?ABS_ENTRY_MOD

Absolute parts
           ENTRY                   ADDRESS         REF BY
           =====                   =======         ======
           _FAR22_HEAP_SIZE        00000FFF 
           _HUGE_HEAP_SIZE         00000FFF 
           _FAR_HEAP_SIZE          00000FFF 
           _XDATA_HEAP_SIZE        000000FF 
           _XDATA_STACK_SIZE       00000100 
           _PDATA_STACK_SIZE       00000080 
           _EXTENDED_STACK_SIZE    00000000 
           _EXTENDED_STACK_START   00000000 
           ?ESP_MASK               00000000 
           ?ESP                    00000000 
           _IDATA_STACK_SIZE       00000040 
           ?PBANK                  00000093 
           _NR_OF_VIRTUAL_REGISTERS
                                   00000008 
           ?VB                     00000020        ?FUNC_ENTER_XDATA (?FUNC_ENTER_XDATA)
                                                   ?FUNC_LEAVE_XDATA (?FUNC_LEAVE_XDATA)
                                                   ?INTERRUPT_ENTER_XSP (?INTERRUPT_ENTER_XSP)
                                                   ?INTERRUPT_LEAVE_XSP (?INTERRUPT_LEAVE_XSP)
           _BREG_START             00000000 
           _REGISTER_BANK_START    00000000 
           ?REGISTER_BANK          00000000        Segment part 6 (CSTARTUP)
           _CODE0_END              0000FFFF 
           _CODE0_START            00000000 
           _XDATA0_END             00001EFF 
           _XDATA0_START           00000001 
           _IXDATA0_END            00001EFF 
           _IXDATA0_START          00000001 
           _PDATA0_END             00001EFF 
           _PDATA0_START           00001E00 
           _IDATA0_END             000000FF 
           _IDATA0_START           00000000 
           _CODEBANK_START         00000000 
           _CODEBANK_END           00000000 
           _NR_OF_BANKS            00000000 
    *************************************************************************

  FILE NAME : C:\Users\Administrator\Downloads\CC2530 BasicRF_RX\CC2530 BasicRF\ide\srf05_cc2530\iar\temp\light_switch\adc.r51
  PROGRAM MODULE, NAME : adc

  SEGMENTS IN THE MODULE
  ======================
SFR_AN
  Relative segment, address: DATA 00000080 - 00000080 (0x1 bytes), align: 0
  Segment part 1. ROOT.       Intra module refs:   HalLcd_HW_Control
                                                   HalLcd_HW_Write
                                                   halBoardInit
                                                   halLcdInit
                                                   halLedToggle
                                                   main
           ENTRY                   ADDRESS         REF BY
           =====                   =======         ======
           _A_P0                   00000080 
           LOCAL                   ADDRESS         
           =====                   =======         
           P0                      00000080 
    -------------------------------------------------------------------------
SFR_AN
  Relative segment, address: DATA 00000086 - 00000086 (0x1 bytes), align: 0
  Segment part 2. ROOT.       Intra module refs:   main
           ENTRY                   ADDRESS         REF BY
           =====                   =======         ======
           U0CSR                   00000086 
    -------------------------------------------------------------------------
SFR_AN
  Relative segment, address: DATA 00000089 - 00000089 (0x1 bytes), align: 0
  Segment part 3. ROOT.       Intra module refs:   port0_ISR
           ENTRY                   ADDRESS         REF BY
           =====                   =======         ======
           P0IFG                   00000089 
    -------------------------------------------------------------------------
SFR_AN
  Relative segment, address: DATA 0000008A - 0000008A (0x1 bytes), align: 0
  Segment part 4. ROOT.       Intra module refs:   port1_ISR
           ENTRY                   ADDRESS         REF BY
           =====                   =======         ======
           P1IFG                   0000008A 
    -------------------------------------------------------------------------
SFR_AN
  Relative segment, address: DATA 0000008B - 0000008B (0x1 bytes), align: 0
  Segment part 5. ROOT.       Intra module refs:   port2_ISR
           ENTRY                   ADDRESS         REF BY
           =====                   =======         ======
           P2IFG                   0000008B 
    -------------------------------------------------------------------------
SFR_AN
  Relative segment, address: DATA 0000008F - 0000008F (0x1 bytes), align: 0
  Segment part 6. ROOT.       Intra module refs:   halBoardInit
           ENTRY                   ADDRESS         REF BY
           =====                   =======         ======
           P0INP                   0000008F 
    -------------------------------------------------------------------------
SFR_AN
  Relative segment, address: DATA 00000090 - 00000090 (0x1 bytes), align: 0
  Segment part 7. ROOT.       Intra module refs:   HalLcd_HW_Control
                                                   HalLcd_HW_Write
                                                   appLight
                                                   halBoardInit
                                                   halLcdInit
                                                   halLedToggle
                                                   main
           ENTRY                   ADDRESS         REF BY
           =====                   =======         ======
           _A_P1                   00000090 
           LOCAL                   ADDRESS         
           =====                   =======         
           P1                      00000090 
    -------------------------------------------------------------------------
SFR_AN
  Relative segment, address: DATA 0000009A - 0000009A (0x1 bytes), align: 0
  Segment part 8. ROOT.       Intra module refs:   halRfDisableRxInterrupt
                                                   halRfEnableRxInterrupt
           ENTRY                   ADDRESS         REF BY
           =====                   =======         ======
           IEN2                    0000009A 
    -------------------------------------------------------------------------
SFR_AN
  Relative segment, address: DATA 0000009B - 0000009B (0x1 bytes), align: 0
  Segment part 9. ROOT.       Intra module refs:   rfIsr
           ENTRY                   ADDRESS         REF BY
           =====                   =======         ======
           S1CON                   0000009B 
    -------------------------------------------------------------------------
SFR_AN
  Relative segment, address: DATA 0000009D - 0000009D (0x1 bytes), align: 0
  Segment part 10. ROOT.      Intra module refs:   clockSetMainSrc
           ENTRY                   ADDRESS         REF BY
           =====                   =======         ======
           SLEEPSTA                0000009D 
    -------------------------------------------------------------------------
SFR_AN
  Relative segment, address: DATA 0000009E - 0000009E (0x1 bytes), align: 0
  Segment part 11. ROOT.      Intra module refs:   clockSelect32k
                                                   clockSetMainSrc
                                                   halBoardInit
                                                   main
           ENTRY                   ADDRESS         REF BY
           =====                   =======         ======
           CLKCONSTA               0000009E 
    -------------------------------------------------------------------------
SFR_AN
  Relative segment, address: DATA 000000A8 - 000000A8 (0x1 bytes), align: 0
  Segment part 12. ROOT.      Intra module refs:   basicRfInit
                                                   halIntOff
                                                   halIntOn
                                                   rfIsr
           ENTRY                   ADDRESS         REF BY
           =====                   =======         ======
           _A_IEN0                 000000A8 
           LOCAL                   ADDRESS         
           =====                   =======         
           IEN0                    000000A8 
    -------------------------------------------------------------------------
SFR_AN
  Relative segment, address: DATA 000000BE - 000000BE (0x1 bytes), align: 0
  Segment part 13. ROOT.      Intra module refs:   clockSetMainSrc
                                                   main
           ENTRY                   ADDRESS         REF BY
           =====                   =======         ======
           SLEEPCMD                000000BE 
    -------------------------------------------------------------------------
SFR_AN
  Relative segment, address: DATA 000000C0 - 000000C0 (0x1 bytes), align: 0
  Segment part 14. ROOT.      Intra module refs:   port0_ISR
           ENTRY                   ADDRESS         REF BY
           =====                   =======         ======
           _A_IRCON                000000C0 
           LOCAL                   ADDRESS         
           =====                   =======         
           IRCON                   000000C0 
    -------------------------------------------------------------------------
SFR_AN
  Relative segment, address: DATA 000000C1 - 000000C1 (0x1 bytes), align: 0
  Segment part 15. ROOT.      Intra module refs:   UartTX_Send_String
           ENTRY                   ADDRESS         REF BY
           =====                   =======         ======
           U0DBUF                  000000C1 
    -------------------------------------------------------------------------
SFR_AN
  Relative segment, address: DATA 000000C2 - 000000C2 (0x1 bytes), align: 0
  Segment part 16. ROOT.      Intra module refs:   main
           ENTRY                   ADDRESS         REF BY
           =====                   =======         ======
           U0BAUD                  000000C2 
    -------------------------------------------------------------------------
SFR_AN
  Relative segment, address: DATA 000000C5 - 000000C5 (0x1 bytes), align: 0
  Segment part 17. ROOT.      Intra module refs:   main
           ENTRY                   ADDRESS         REF BY
           =====                   =======         ======
           U0GCR                   000000C5 
    -------------------------------------------------------------------------
SFR_AN
  Relative segment, address: DATA 000000C6 - 000000C6 (0x1 bytes), align: 0
  Segment part 18. ROOT.      Intra module refs:   clockSelect32k
                                                   clockSetMainSrc
                                                   main
           ENTRY                   ADDRESS         REF BY
           =====                   =======         ======
           CLKCONCMD               000000C6 
    -------------------------------------------------------------------------
SFR_AN
  Relative segment, address: DATA 000000D9 - 000000D9 (0x1 bytes), align: 0
  Segment part 19. ROOT.      Intra module refs:   halRfReadRxBuf
           ENTRY                   ADDRESS         REF BY
           =====                   =======         ======
           RFD                     000000D9 
    -------------------------------------------------------------------------
SFR_AN
  Relative segment, address: DATA 000000E1 - 000000E1 (0x1 bytes), align: 0
  Segment part 20. ROOT.      Intra module refs:   halRfReceiveOn
           ENTRY                   ADDRESS         REF BY
           =====                   =======         ======
           RFST                    000000E1 
    -------------------------------------------------------------------------
SFR_AN
  Relative segment, address: DATA 000000E8 - 000000E8 (0x1 bytes), align: 0
  Segment part 21. ROOT.      Intra module refs:   UartTX_Send_String
                                                   main
                                                   port1_ISR
                                                   port2_ISR
           ENTRY                   ADDRESS         REF BY
           =====                   =======         ======
           _A_IRCON2               000000E8 
           LOCAL                   ADDRESS         
           =====                   =======         
           IRCON2                  000000E8 
    -------------------------------------------------------------------------
SFR_AN
  Relative segment, address: DATA 000000E9 - 000000E9 (0x1 bytes), align: 0
  Segment part 22. ROOT.      Intra module refs:   rfIsr
           ENTRY                   ADDRESS         REF BY
           =====                   =======         ======
           RFIRQF0                 000000E9 
    -------------------------------------------------------------------------
SFR_AN
  Relative segment, address: DATA 000000F1 - 000000F1 (0x1 bytes), align: 0
  Segment part 23. ROOT.      Intra module refs:   halBoardInit
                                                   main
           ENTRY                   ADDRESS         REF BY
           =====                   =======         ======
           PERCFG                  000000F1 
    -------------------------------------------------------------------------
SFR_AN
  Relative segment, address: DATA 000000F3 - 000000F3 (0x1 bytes), align: 0
  Segment part 24. ROOT.      Intra module refs:   halBoardInit
                                                   halLcdInit
                                                   main
           ENTRY                   ADDRESS         REF BY
           =====                   =======         ======
           P0SEL                   000000F3 
    -------------------------------------------------------------------------
SFR_AN
  Relative segment, address: DATA 000000F4 - 000000F4 (0x1 bytes), align: 0
  Segment part 25. ROOT.      Intra module refs:   halBoardInit
                                                   halLcdInit
           ENTRY                   ADDRESS         REF BY
           =====                   =======         ======
           P1SEL                   000000F4 
    -------------------------------------------------------------------------
SFR_AN
  Relative segment, address: DATA 000000F5 - 000000F5 (0x1 bytes), align: 0
  Segment part 26. ROOT.      Intra module refs:   halBoardInit
           ENTRY                   ADDRESS         REF BY
           =====                   =======         ======
           P2SEL                   000000F5 
    -------------------------------------------------------------------------
SFR_AN
  Relative segment, address: DATA 000000F7 - 000000F7 (0x1 bytes), align: 0
  Segment part 27. ROOT.      Intra module refs:   halBoardInit
           ENTRY                   ADDRESS         REF BY
           =====                   =======         ======
           P2INP                   000000F7 
    -------------------------------------------------------------------------
SFR_AN
  Relative segment, address: DATA 000000F8 - 000000F8 (0x1 bytes), align: 0
  Segment part 28. ROOT.      Intra module refs:   HalLcd_HW_Control
                                                   HalLcd_HW_Write
                                                   halBoardInit
           ENTRY                   ADDRESS         REF BY
           =====                   =======         ======
           _A_U1CSR                000000F8 
           LOCAL                   ADDRESS         
           =====                   =======         
           U1CSR                   000000F8 
    -------------------------------------------------------------------------
SFR_AN
  Relative segment, address: DATA 000000F9 - 000000F9 (0x1 bytes), align: 0
  Segment part 29. ROOT.      Intra module refs:   HalLcd_HW_Control
                                                   HalLcd_HW_Write
           ENTRY                   ADDRESS         REF BY
           =====                   =======         ======
           U1DBUF                  000000F9 
    -------------------------------------------------------------------------
SFR_AN
  Relative segment, address: DATA 000000FA - 000000FA (0x1 bytes), align: 0
  Segment part 30. ROOT.      Intra module refs:   halBoardInit
           ENTRY                   ADDRESS         REF BY
           =====                   =======         ======
           U1BAUD                  000000FA 
    -------------------------------------------------------------------------
SFR_AN
  Relative segment, address: DATA 000000FB - 000000FB (0x1 bytes), align: 0
  Segment part 31. ROOT.      Intra module refs:   halBoardInit
           ENTRY                   ADDRESS         REF BY
           =====                   =======         ======
           U1UCR                   000000FB 
    -------------------------------------------------------------------------
SFR_AN
  Relative segment, address: DATA 000000FC - 000000FC (0x1 bytes), align: 0
  Segment part 32. ROOT.      Intra module refs:   halBoardInit
           ENTRY                   ADDRESS         REF BY
           =====                   =======         ======
           U1GCR                   000000FC 
    -------------------------------------------------------------------------
SFR_AN
  Relative segment, address: DATA 000000FD - 000000FD (0x1 bytes), align: 0
  Segment part 33. ROOT.      Intra module refs:   halBoardInit
                                                   halLcdInit
           ENTRY                   ADDRESS         REF BY
           =====                   =======         ======
           P0DIR                   000000FD 
    -------------------------------------------------------------------------
SFR_AN
  Relative segment, address: DATA 000000FE - 000000FE (0x1 bytes), align: 0
  Segment part 34. ROOT.      Intra module refs:   halBoardInit
                                                   halLcdInit
           ENTRY                   ADDRESS         REF BY
           =====                   =======         ======
           P1DIR                   000000FE 
    -------------------------------------------------------------------------
SFR_AN
  Relative segment, address: DATA 000000FF - 000000FF (0x1 bytes), align: 0
  Segment part 35. ROOT.      Intra module refs:   halBoardInit
                                                   main
           ENTRY                   ADDRESS         REF BY
           =====                   =======         ======
           P2DIR                   000000FF 
    -------------------------------------------------------------------------
XDATA_I
  Relative segment, address: XDATA 000001BE - 000001C9 (0xc bytes), align: 0
  Segment part 45.            Intra module refs:   appLight
                                                   basicRfInit
                                                   basicRfRxFrmDoneIsr
           LOCAL                   ADDRESS         
           =====                   =======         
           rxi                     000001BE 
    -------------------------------------------------------------------------
XDATA_Z
  Relative segment, address: XDATA 00000101 - 00000107 (0x7 bytes), align: 0
  Segment part 47.            Intra module refs:   appLight
                                                   basicRfInit
                                                   basicRfRxFrmDoneIsr
           LOCAL                   ADDRESS         
           =====                   =======         
           txState                 00000101 
    -------------------------------------------------------------------------
XDATA_Z
  Relative segment, address: XDATA 00000108 - 00000109 (0x2 bytes), align: 0
  Segment part 48.            Intra module refs:   ?Subroutine9
                                                   basicRfInit
           LOCAL                   ADDRESS         
           =====                   =======         
           pConfig                 00000108 
    -------------------------------------------------------------------------
XDATA_Z
  Relative segment, address: XDATA 0000010A - 00000189 (0x80 bytes), align: 0
  Segment part 49.            Intra module refs:   basicRfRxFrmDoneIsr
           LOCAL                   ADDRESS         
           =====                   =======         
           rxMpdu                  0000010A 
    -------------------------------------------------------------------------
NEAR_CODE
  Relative segment, address: CODE 00000330 - 0000041C (0xed bytes), align: 0
  Segment part 75.            Intra module refs:   basicRfInit
           LOCAL                   ADDRESS         
           =====                   =======         
           basicRfRxFrmDoneIsr     00000330 
               calls direct, is indirectly called
               ISTACK = 00000000 ( 00000002 )
    -------------------------------------------------------------------------
NEAR_CODE
  Relative segment, address: CODE 0000041D - 0000049F (0x83 bytes), align: 0
  Segment part 76.            Intra module refs:   appLight
           ENTRY                   ADDRESS         REF BY
           =====                   =======         ======
           basicRfInit             0000041D 
               calls direct
               XSTACK = 00000009 ( 00000008 )
    -------------------------------------------------------------------------
NEAR_CODE
  Relative segment, address: CODE 000004A0 - 000004A4 (0x5 bytes), align: 0
  Segment part 77.            Intra module refs:   SET_DDRAM_ADDR
                                                   basicRfInit
                                                   halLcdInit
           LOCAL                   ADDRESS         
           =====                   =======         
           ?Subroutine1            000004A0 
    -------------------------------------------------------------------------
NEAR_CODE
  Relative segment, address: CODE 000004A5 - 000004D6 (0x32 bytes), align: 0
  Segment part 78.            Intra module refs:   halBoardInit
           ENTRY                   ADDRESS         REF BY
           =====                   =======         ======
           clockSetMainSrc         000004A5 
    -------------------------------------------------------------------------
NEAR_CODE
  Relative segment, address: CODE 000004D7 - 000004FC (0x26 bytes), align: 0
  Segment part 79.            Intra module refs:   halBoardInit
           ENTRY                   ADDRESS         REF BY
           =====                   =======         ======
           clockSelect32k          000004D7 
    -------------------------------------------------------------------------
NEAR_CODE
  Relative segment, address: CODE 000004FD - 00000519 (0x1d bytes), align: 0
  Segment part 80.            Intra module refs:   appLight
                                                   halBoardInit
                                                   main
           ENTRY                   ADDRESS         REF BY
           =====                   =======         ======
           halAssertHandler        000004FD 
               calls direct
               XSTACK = 00000009 ( 00000000 )
    -------------------------------------------------------------------------
NEAR_CODE
  Relative segment, address: CODE 0000051A - 00000586 (0x6d bytes), align: 0
  Segment part 81.            Intra module refs:   main
           ENTRY                   ADDRESS         REF BY
           =====                   =======         ======
           halBoardInit            0000051A 
               calls direct
    -------------------------------------------------------------------------
XDATA_Z
  Relative segment, address: XDATA 0000018A - 00000199 (0x10 bytes), align: 0
  Segment part 50.            Intra module refs:   ?Subroutine5
           LOCAL                   ADDRESS         
           =====                   =======         
           port0_isr_tbl           0000018A 
    -------------------------------------------------------------------------
XDATA_Z
  Relative segment, address: XDATA 0000019A - 000001A9 (0x10 bytes), align: 0
  Segment part 51.            Intra module refs:   ?Subroutine6
           LOCAL                   ADDRESS         
           =====                   =======         
           port1_isr_tbl           0000019A 
    -------------------------------------------------------------------------
XDATA_Z
  Relative segment, address: XDATA 000001AA - 000001B3 (0xa bytes), align: 0
  Segment part 52.            Intra module refs:   ?Subroutine7
           LOCAL                   ADDRESS         
           =====                   =======         
           port2_isr_tbl           000001AA 
    -------------------------------------------------------------------------
NEAR_CODE
  Relative segment, address: CODE 00000587 - 000005C4 (0x3e bytes), align: 0
  Segment part 82.            Intra module refs:   port0_ISR::??INTVEC 107
           ENTRY                   ADDRESS         REF BY
           =====                   =======         ======
           port0_ISR               00000587 
               interrupt function
               XSTACK = 00000000 ( 0000000F )
    -------------------------------------------------------------------------
NEAR_CODE
  Relative segment, address: CODE 000005C5 - 000005C9 (0x5 bytes), align: 0
  Segment part 83.            Intra module refs:   port0_ISR
                                                   port1_ISR
                                                   port2_ISR
           LOCAL                   ADDRESS         
           =====                   =======         
           ?Subroutine2            000005C5 
    -------------------------------------------------------------------------
NEAR_CODE
  Relative segment, address: CODE 000005CA - 000005D4 (0xb bytes), align: 0
  Segment part 84.            Intra module refs:   port0_ISR
           LOCAL                   ADDRESS         
           =====                   =======         
           ?Subroutine5            000005CA 
    -------------------------------------------------------------------------
NEAR_CODE
  Relative segment, address: CODE 000005D5 - 00000614 (0x40 bytes), align: 0
  Segment part 85.            Intra module refs:   port1_ISR::??INTVEC 123
           ENTRY                   ADDRESS         REF BY
           =====                   =======         ======
           port1_ISR               000005D5 
               interrupt function
               XSTACK = 00000000 ( 0000000F )
    -------------------------------------------------------------------------
NEAR_CODE
  Relative segment, address: CODE 00000615 - 0000061F (0xb bytes), align: 0
  Segment part 86.            Intra module refs:   port1_ISR
           LOCAL                   ADDRESS         
           =====                   =======         
           ?Subroutine6            00000615 
    -------------------------------------------------------------------------
NEAR_CODE
  Relative segment, address: CODE 00000620 - 00000627 (0x8 bytes), align: 0
  Segment part 87.            Intra module refs:   ?Subroutine5
                                                   ?Subroutine6
                                                   ?Subroutine7
           LOCAL                   ADDRESS         
           =====                   =======         
           ?Subroutine10           00000620 
    -------------------------------------------------------------------------
NEAR_CODE
  Relative segment, address: CODE 00000628 - 0000062A (0x3 bytes), align: 0
  Segment part 88.            Intra module refs:   port0_ISR
                                                   port1_ISR
                                                   port2_ISR
           LOCAL                   ADDRESS         
           =====                   =======         
           ?Subroutine4            00000628 
    -------------------------------------------------------------------------
NEAR_CODE
  Relative segment, address: CODE 0000062B - 0000062F (0x5 bytes), align: 0
  Segment part 89.            Intra module refs:   ?Subroutine4
                                                   rfIsr
    -------------------------------------------------------------------------
NEAR_CODE
  Relative segment, address: CODE 00000630 - 00000636 (0x7 bytes), align: 0
  Segment part 90.            Intra module refs:   Segment part 89
                                                   basicRfInit
           LOCAL                   ADDRESS         
           =====                   =======         
           ?Subroutine8            00000630 
    -------------------------------------------------------------------------
NEAR_CODE
  Relative segment, address: CODE 00000637 - 00000639 (0x3 bytes), align: 0
  Segment part 91.            Intra module refs:   port0_ISR
                                                   port1_ISR
                                                   port2_ISR
           LOCAL                   ADDRESS         
           =====                   =======         
           ?Subroutine3            00000637 
    -------------------------------------------------------------------------
NEAR_CODE
  Relative segment, address: CODE 0000063A - 00000640 (0x7 bytes), align: 0
  Segment part 92.            Intra module refs:   ?Subroutine3
                                                   basicRfInit
    -------------------------------------------------------------------------
NEAR_CODE
  Relative segment, address: CODE 00000641 - 00000681 (0x41 bytes), align: 0
  Segment part 93.            Intra module refs:   port2_ISR::??INTVEC 51
           ENTRY                   ADDRESS         REF BY
           =====                   =======         ======
           port2_ISR               00000641 
               interrupt function
               XSTACK = 00000000 ( 0000000F )
    -------------------------------------------------------------------------
NEAR_CODE
  Relative segment, address: CODE 00000682 - 0000068C (0xb bytes), align: 0
  Segment part 94.            Intra module refs:   port2_ISR
           LOCAL                   ADDRESS         
           =====                   =======         
           ?Subroutine7            00000682 
    -------------------------------------------------------------------------
NEAR_CODE
  Relative segment, address: CODE 0000068D - 0000068F (0x3 bytes), align: 0
  Segment part 95.            Intra module refs:   appLight
                                                   basicRfInit
                                                   basicRfRxFrmDoneIsr
                                                   halBoardInit
           ENTRY                   ADDRESS         REF BY
           =====                   =======         ======
           halIntOn                0000068D 
               XSTACK = 00000009 ( 00000000 )
    -------------------------------------------------------------------------
NEAR_CODE
  Relative segment, address: CODE 00000690 - 00000692 (0x3 bytes), align: 0
  Segment part 96.            Intra module refs:   appLight
                                                   basicRfInit
                                                   basicRfRxFrmDoneIsr
           ENTRY                   ADDRESS         REF BY
           =====                   =======         ======
           halIntOff               00000690 
               XSTACK = 00000009 ( 00000000 )
    -------------------------------------------------------------------------
NEAR_CODE
  Relative segment, address: CODE 00000693 - 000006A5 (0x13 bytes), align: 0
  Segment part 97.            Intra module refs:   SET_DDRAM_ADDR
                                                   halLcdInit
           LOCAL                   ADDRESS         
           =====                   =======         
           HalLcd_HW_Control       00000693 
               XSTACK = 00000008 ( 00000000 )
    -------------------------------------------------------------------------
NEAR_CODE
  Relative segment, address: CODE 000006A6 - 000006B8 (0x13 bytes), align: 0
  Segment part 98.            Intra module refs:   halLcdInit
           LOCAL                   ADDRESS         
           =====                   =======         
           HalLcd_HW_Write         000006A6 
               XSTACK = 00000008 ( 00000000 )
    -------------------------------------------------------------------------
NEAR_CODE
  Relative segment, address: CODE 000006B9 - 000006DC (0x24 bytes), align: 0
  Segment part 99.            Intra module refs:   halLcdInit
           LOCAL                   ADDRESS         
           =====                   =======         
           SET_DDRAM_ADDR          000006B9 
               calls direct
               XSTACK = 00000008 ( 00000008 )
    -------------------------------------------------------------------------
NEAR_CODE
  Relative segment, address: CODE 000006DD - 00000756 (0x7a bytes), align: 0
  Segment part 100.           Intra module refs:   halBoardInit
           ENTRY                   ADDRESS         REF BY
           =====                   =======         ======
           halLcdInit              000006DD 
               calls direct
               XSTACK = 00000000 ( 00000008 )
    -------------------------------------------------------------------------
XDATA_Z
  Relative segment, address: XDATA 000001B4 - 000001B4 (0x1 bytes), align: 0
  Segment part 53.            Intra module refs:   halLedToggle
           ENTRY                   ADDRESS         REF BY
           =====                   =======         ======
           led4State               000001B4 
    -------------------------------------------------------------------------
NEAR_CODE
  Relative segment, address: CODE 00000757 - 00000785 (0x2f bytes), align: 0
  Segment part 101.           Intra module refs:   halAssertHandler
           ENTRY                   ADDRESS         REF BY
           =====                   =======         ======
           halLedToggle            00000757 
               ISTACK = 00000000 ( 00000002 )
    -------------------------------------------------------------------------
NEAR_CODE
  Relative segment, address: CODE 00000786 - 000007B0 (0x2b bytes), align: 0
  Segment part 102.           Intra module refs:   halMcuWaitMs
           ENTRY                   ADDRESS         REF BY
           =====                   =======         ======
           halMcuWaitUs            00000786 
               XSTACK = 00000008 ( 00000000 )
    -------------------------------------------------------------------------
NEAR_CODE
  Relative segment, address: CODE 000007B1 - 000007D7 (0x27 bytes), align: 0
  Segment part 103.           Intra module refs:   halAssertHandler
           ENTRY                   ADDRESS         REF BY
           =====                   =======         ======
           halMcuWaitMs            000007B1 
               calls direct
               XSTACK = 00000000 ( 00000008 )
    -------------------------------------------------------------------------
XDATA_Z
  Relative segment, address: XDATA 000001B5 - 000001B6 (0x2 bytes), align: 0
  Segment part 54.            Intra module refs:   basicRfInit
                                                   rfIsr
           LOCAL                   ADDRESS         
           =====                   =======         
           pfISR                   000001B5 
    -------------------------------------------------------------------------
NEAR_CODE
  Relative segment, address: CODE 000007D8 - 000007FA (0x23 bytes), align: 0
  Segment part 104.           Intra module refs:   basicRfInit
                                                   main
           ENTRY                   ADDRESS         REF BY
           =====                   =======         ======
           halRfInit               000007D8 
               calls direct
               XSTACK = 00000008 ( 00000000 )
               ISTACK = 00000000 ( 00000002 )
    -------------------------------------------------------------------------
NEAR_CODE
  Relative segment, address: CODE 000007FB - 00000810 (0x16 bytes), align: 0
  Segment part 105.           Intra module refs:   basicRfRxFrmDoneIsr
           ENTRY                   ADDRESS         REF BY
           =====                   =======         ======
           halRfReadRxBuf          000007FB 
               ISTACK = 00000000 ( 00000003 )
    -------------------------------------------------------------------------
NEAR_CODE
  Relative segment, address: CODE 00000811 - 00000815 (0x5 bytes), align: 0
  Segment part 106.           Intra module refs:   UartTX_Send_String
                                                   basicRfRxFrmDoneIsr
                                                   halLedToggle
                                                   halRfDisableRxInterrupt
                                                   halRfEnableRxInterrupt
                                                   halRfInit
                                                   halRfReadRxBuf
           LOCAL                   ADDRESS         
           =====                   =======         
           ?Subroutine0            00000811 
    -------------------------------------------------------------------------
NEAR_CODE
  Relative segment, address: CODE 00000816 - 0000081C (0x7 bytes), align: 0
  Segment part 107.           Intra module refs:   appLight
           ENTRY                   ADDRESS         REF BY
           =====                   =======         ======
           halRfReceiveOn          00000816 
               XSTACK = 00000009 ( 00000000 )
    -------------------------------------------------------------------------
NEAR_CODE
  Relative segment, address: CODE 0000081D - 0000082C (0x10 bytes), align: 0
  Segment part 108.           Intra module refs:   basicRfRxFrmDoneIsr
           ENTRY                   ADDRESS         REF BY
           =====                   =======         ======
           halRfDisableRxInterrupt
                                   0000081D 
               ISTACK = 00000000 ( 00000002 )
    -------------------------------------------------------------------------
NEAR_CODE
  Relative segment, address: CODE 0000082D - 0000083C (0x10 bytes), align: 0
  Segment part 109.           Intra module refs:   basicRfRxFrmDoneIsr
                                                   halRfInit
           ENTRY                   ADDRESS         REF BY
           =====                   =======         ======
           halRfEnableRxInterrupt
                                   0000082D 
               ISTACK = 00000000 ( 00000002 )
    -------------------------------------------------------------------------
NEAR_CODE
  Relative segment, address: CODE 0000083D - 0000086E (0x32 bytes), align: 0
  Segment part 110.           Intra module refs:   rfIsr::??INTVEC 131
           ENTRY                   ADDRESS         REF BY
           =====                   =======         ======
           rfIsr                   0000083D 
               interrupt function
               XSTACK = 00000000 ( 0000000E )
    -------------------------------------------------------------------------
NEAR_CODE
  Relative segment, address: CODE 0000086F - 00000871 (0x3 bytes), align: 0
  Segment part 111.           Intra module refs:   basicRfInit
           LOCAL                   ADDRESS         
           =====                   =======         
           ?Subroutine9            0000086F 
    -------------------------------------------------------------------------
NEAR_CODE
  Relative segment, address: CODE 00000872 - 00000877 (0x6 bytes), align: 0
  Segment part 112.           Intra module refs:   ?Subroutine9
                                                   Segment part 92
                                                   rfIsr
    -------------------------------------------------------------------------
XDATA_Z
  Relative segment, address: XDATA 000001B7 - 000001B7 (0x1 bytes), align: 0
  Segment part 55.            Intra module refs:   appLight
           LOCAL                   ADDRESS         
           =====                   =======         
           pRxData                 000001B7 
    -------------------------------------------------------------------------
XDATA_Z
  Relative segment, address: XDATA 000001B8 - 000001BD (0x6 bytes), align: 0
  Segment part 56.            Intra module refs:   appLight
                                                   main
           LOCAL                   ADDRESS         
           =====                   =======         
           basicRfConfig           000001B8 
    -------------------------------------------------------------------------
XDATA_I
  Relative segment, address: XDATA 000001CA - 000001DF (0x16 bytes), align: 0
  Segment part 57.            Intra module refs:   appLight
           ENTRY                   ADDRESS         REF BY
           =====                   =======         ======
           string1                 000001CA 
    -------------------------------------------------------------------------
XDATA_I
  Relative segment, address: XDATA 000001E0 - 000001EB (0xc bytes), align: 0
  Segment part 59.            Intra module refs:   appLight
           ENTRY                   ADDRESS         REF BY
           =====                   =======         ======
           string2                 000001E0 
    -------------------------------------------------------------------------
XDATA_I
  Relative segment, address: XDATA 000001EC - 000001FB (0x10 bytes), align: 0
  Segment part 61.            Intra module refs:   appLight
           ENTRY                   ADDRESS         REF BY
           =====                   =======         ======
           string3                 000001EC 
    -------------------------------------------------------------------------
XDATA_I
  Relative segment, address: XDATA 000001FC - 00000213 (0x18 bytes), align: 0
  Segment part 63.            Intra module refs:   appLight
           ENTRY                   ADDRESS         REF BY
           =====                   =======         ======
           string4                 000001FC 
    -------------------------------------------------------------------------
XDATA_I
  Relative segment, address: XDATA 00000214 - 00000218 (0x5 bytes), align: 0
  Segment part 65.            Intra module refs:   appLight
           ENTRY                   ADDRESS         REF BY
           =====                   =======         ======
           string6                 00000214 
    -------------------------------------------------------------------------
XDATA_I
  Relative segment, address: XDATA 00000219 - 0000021C (0x4 bytes), align: 0
  Segment part 67.            Intra module refs:   appLight
           ENTRY                   ADDRESS         REF BY
           =====                   =======         ======
           string7                 00000219 
    -------------------------------------------------------------------------
XDATA_I
  Relative segment, address: XDATA 0000021D - 00000220 (0x4 bytes), align: 0
  Segment part 69.            Intra module refs:   _delay_cycles
           ENTRY                   ADDRESS         REF BY
           =====                   =======         ======
           __Constant_ffffffff     0000021D 
    -------------------------------------------------------------------------
XDATA_I
  Relative segment, address: XDATA 00000221 - 00000224 (0x4 bytes), align: 0
  Segment part 71.            Intra module refs:   appLight
           ENTRY                   ADDRESS         REF BY
           =====                   =======         ======
           __Constant_c350         00000221 
    -------------------------------------------------------------------------
XDATA_I
  Relative segment, address: XDATA 00000225 - 00000228 (0x4 bytes), align: 0
  Segment part 73.            Intra module refs:   appLight
           ENTRY                   ADDRESS         REF BY
           =====                   =======         ======
           __Constant_186a0        00000225 
    -------------------------------------------------------------------------
NEAR_CODE
  Relative segment, address: CODE 00000878 - 000008A7 (0x30 bytes), align: 0
  Segment part 113.           Intra module refs:   appLight
           ENTRY                   ADDRESS         REF BY
           =====                   =======         ======
           _delay_cycles           00000878 
               XSTACK = 00000009 ( 0000000F )
    -------------------------------------------------------------------------
NEAR_CODE
  Relative segment, address: CODE 000008A8 - 00000994 (0xed bytes), align: 0
  Segment part 114.           Intra module refs:   main
           LOCAL                   ADDRESS         
           =====                   =======         
           appLight                000008A8 
               calls direct
               XSTACK = 00000000 ( 0000000B )
    -------------------------------------------------------------------------
NEAR_CODE
  Relative segment, address: CODE 00000995 - 000009E1 (0x4d bytes), align: 0
  Segment part 115.
           ENTRY                   ADDRESS         REF BY
           =====                   =======         ======
           main                    00000995        ?call_main (?cmain)
               calls direct
    -------------------------------------------------------------------------
NEAR_CODE
  Relative segment, address: CODE 000009E2 - 00000A01 (0x20 bytes), align: 0
  Segment part 116.           Intra module refs:   appLight
           ENTRY                   ADDRESS         REF BY
           =====                   =======         ======
           UartTX_Send_String      000009E2 
               XSTACK = 00000009 ( 00000000 )
               ISTACK = 00000000 ( 00000002 )
    -------------------------------------------------------------------------
NEAR_CODE
  Relative segment, address: CODE 00000A02 - 00000A0A (0x9 bytes), align: 0
  Segment part 117.           Intra module refs:   appLight
           ENTRY                   ADDRESS         REF BY
           =====                   =======         ======
           min                     00000A02 
               XSTACK = 00000009 ( 00000000 )
    -------------------------------------------------------------------------
INTVEC
  Common segment, address: CODE 00000000 - 00000035 (0x36 bytes), align: 0
  Segment part 36. ROOT.
           ENTRY                   ADDRESS         REF BY
           =====                   =======         ======
           port2_ISR::??INTVEC 51
                                   00000033 
    -------------------------------------------------------------------------
INTVEC
  Common segment, address: CODE 00000000 - 0000006D (0x6e bytes), align: 0
  Segment part 37. ROOT.
           ENTRY                   ADDRESS         REF BY
           =====                   =======         ======
           port0_ISR::??INTVEC 107
                                   0000006B 
    -------------------------------------------------------------------------
INTVEC
  Common segment, address: CODE 00000000 - 0000007D (0x7e bytes), align: 0
  Segment part 38. ROOT.
           ENTRY                   ADDRESS         REF BY
           =====                   =======         ======
           port1_ISR::??INTVEC 123
                                   0000007B 
    -------------------------------------------------------------------------
INTVEC
  Common segment, address: CODE 00000000 - 00000085 (0x86 bytes), align: 0
  Segment part 39. ROOT.
           ENTRY                   ADDRESS         REF BY
           =====                   =======         ======
           rfIsr::??INTVEC 131     00000083 
    -------------------------------------------------------------------------
XDATA_ID
  Relative segment, address: CODE 000000D6 - 000000E1 (0xc bytes), align: 0
  Segment part 46.            Intra module refs:   rxi
    -------------------------------------------------------------------------
XDATA_ID
  Relative segment, address: CODE 000000E2 - 000000F7 (0x16 bytes), align: 0
  Segment part 58.            Intra module refs:   string1
    -------------------------------------------------------------------------
XDATA_ID
  Relative segment, address: CODE 000000F8 - 00000103 (0xc bytes), align: 0
  Segment part 60.            Intra module refs:   string2
    -------------------------------------------------------------------------
XDATA_ID
  Relative segment, address: CODE 00000104 - 00000113 (0x10 bytes), align: 0
  Segment part 62.            Intra module refs:   string3
    -------------------------------------------------------------------------
XDATA_ID
  Relative segment, address: CODE 00000114 - 0000012B (0x18 bytes), align: 0
  Segment part 64.            Intra module refs:   string4
    -------------------------------------------------------------------------
XDATA_ID
  Relative segment, address: CODE 0000012C - 00000130 (0x5 bytes), align: 0
  Segment part 66.            Intra module refs:   string6
    -------------------------------------------------------------------------
XDATA_ID
  Relative segment, address: CODE 00000131 - 00000134 (0x4 bytes), align: 0
  Segment part 68.            Intra module refs:   string7
    -------------------------------------------------------------------------
XDATA_ID
  Relative segment, address: CODE 00000135 - 00000138 (0x4 bytes), align: 0
  Segment part 70.            Intra module refs:   __Constant_ffffffff
    -------------------------------------------------------------------------
XDATA_ID
  Relative segment, address: CODE 00000139 - 0000013C (0x4 bytes), align: 0
  Segment part 72.            Intra module refs:   __Constant_c350
    -------------------------------------------------------------------------
XDATA_ID
  Relative segment, address: CODE 0000013D - 00000140 (0x4 bytes), align: 0
  Segment part 74.            Intra module refs:   __Constant_186a0

    *************************************************************************

  FILE NAME : C:\Users\Administrator\Downloads\CC2530 BasicRF_RX\CC2530 BasicRF\ide\srf05_cc2530\iar\temp\light_switch\basic_rf.r51
    *************************************************************************

  FILE NAME : C:\Users\Administrator\Downloads\CC2530 BasicRF_RX\CC2530 BasicRF\ide\srf05_cc2530\iar\temp\light_switch\basic_rf_security.r51
    *************************************************************************

  FILE NAME : C:\Users\Administrator\Downloads\CC2530 BasicRF_RX\CC2530 BasicRF\ide\srf05_cc2530\iar\temp\light_switch\clock.r51
    *************************************************************************

  FILE NAME : C:\Users\Administrator\Downloads\CC2530 BasicRF_RX\CC2530 BasicRF\ide\srf05_cc2530\iar\temp\light_switch\hal_assert.r51
    *************************************************************************

  FILE NAME : C:\Users\Administrator\Downloads\CC2530 BasicRF_RX\CC2530 BasicRF\ide\srf05_cc2530\iar\temp\light_switch\hal_board.r51
    *************************************************************************

  FILE NAME : C:\Users\Administrator\Downloads\CC2530 BasicRF_RX\CC2530 BasicRF\ide\srf05_cc2530\iar\temp\light_switch\hal_button.r51
    *************************************************************************

  FILE NAME : C:\Users\Administrator\Downloads\CC2530 BasicRF_RX\CC2530 BasicRF\ide\srf05_cc2530\iar\temp\light_switch\hal_digio.r51
    *************************************************************************

  FILE NAME : C:\Users\Administrator\Downloads\CC2530 BasicRF_RX\CC2530 BasicRF\ide\srf05_cc2530\iar\temp\light_switch\hal_int.r51
    *************************************************************************

  FILE NAME : C:\Users\Administrator\Downloads\CC2530 BasicRF_RX\CC2530 BasicRF\ide\srf05_cc2530\iar\temp\light_switch\hal_joystick.r51
    *************************************************************************

  FILE NAME : C:\Users\Administrator\Downloads\CC2530 BasicRF_RX\CC2530 BasicRF\ide\srf05_cc2530\iar\temp\light_switch\hal_lcd_srf05.r51
    *************************************************************************

  FILE NAME : C:\Users\Administrator\Downloads\CC2530 BasicRF_RX\CC2530 BasicRF\ide\srf05_cc2530\iar\temp\light_switch\hal_led.r51
    *************************************************************************

  FILE NAME : C:\Users\Administrator\Downloads\CC2530 BasicRF_RX\CC2530 BasicRF\ide\srf05_cc2530\iar\temp\light_switch\hal_mcu.r51
    *************************************************************************

  FILE NAME : C:\Users\Administrator\Downloads\CC2530 BasicRF_RX\CC2530 BasicRF\ide\srf05_cc2530\iar\temp\light_switch\hal_rf.r51
    *************************************************************************

  FILE NAME : C:\Users\Administrator\Downloads\CC2530 BasicRF_RX\CC2530 BasicRF\ide\srf05_cc2530\iar\temp\light_switch\hal_rf_security.r51
    *************************************************************************

  FILE NAME : C:\Users\Administrator\Downloads\CC2530 BasicRF_RX\CC2530 BasicRF\ide\srf05_cc2530\iar\temp\light_switch\light_switch.r51
    *************************************************************************

  FILE NAME : C:\Users\Administrator\Downloads\CC2530 BasicRF_RX\CC2530 BasicRF\ide\srf05_cc2530\iar\temp\light_switch\util.r51
    *************************************************************************

  FILE NAME : C:\Users\Administrator\Downloads\CC2530 BasicRF_RX\CC2530 BasicRF\ide\srf05_cc2530\iar\temp\light_switch\util_buffer.r51
    *************************************************************************

  FILE NAME : C:\Users\Administrator\Downloads\CC2530 BasicRF_RX\CC2530 BasicRF\ide\srf05_cc2530\iar\temp\light_switch\util_lcd.r51
    *************************************************************************

  FILE NAME : C:\Program Files\IAR Systems\Embedded Workbench 6.5\8051\LIB\CLIB\cl-pli-nlxd-1e16x01.r51
  LIBRARY MODULE, NAME : ?cexit

  SEGMENTS IN THE MODULE
  ======================
CSTART
  Relative segment, address: CODE 00000086 - 0000008A (0x5 bytes), align: 0
  Segment part 0.
           ENTRY                   ADDRESS         REF BY
           =====                   =======         ======
           exit                    00000086        ?call_main (?cmain)
           ?C_EXIT                 00000086 
           ?ROM_MONITOR_NOPS       00000086 

    -------------------------------------------------------------------------
  LIBRARY MODULE, NAME : ?cmain

  SEGMENTS IN THE MODULE
  ======================
CSTART
  Relative segment, address: CODE 0000008B, align: 0
  Segment part 5.
           ENTRY                   ADDRESS         REF BY
           =====                   =======         ======
           ?cmain                  0000008B        Segment part 13 (CSTARTUP)
               calls direct
    -------------------------------------------------------------------------
CSTART
  Relative segment, address: CODE 0000008B - 0000009A (0x10 bytes), align: 0
  Segment part 16.
           ENTRY                   ADDRESS         REF BY
           =====                   =======         ======
           __INIT_XDATA_Z          0000008B        basicRfConfig (adc)
                                                   led4State (adc)
                                                   pConfig (adc)
                                                   pRxData (adc)
                                                   pfISR (adc)
                                                   port0_isr_tbl (adc)
                                                   port1_isr_tbl (adc)
                                                   port2_isr_tbl (adc)
                                                   rxMpdu (adc)
                                                   txState (adc)
    -------------------------------------------------------------------------
CSTART
  Relative segment, address: CODE 0000009B - 000000C0 (0x26 bytes), align: 0
  Segment part 33.
           ENTRY                   ADDRESS         REF BY
           =====                   =======         ======
           __INIT_XDATA_I          0000009B        __Constant_186a0 (adc)
                                                   __Constant_c350 (adc)
                                                   __Constant_ffffffff (adc)
                                                   rxi (adc)
                                                   string1 (adc)
                                                   string2 (adc)
                                                   string3 (adc)
                                                   string4 (adc)
                                                   string6 (adc)
                                                   string7 (adc)
    -------------------------------------------------------------------------
CSTART
  Relative segment, address: CODE 000000C1 - 000000C6 (0x6 bytes), align: 0
  Segment part 38.            Intra module refs:   ?cmain
           ENTRY                   ADDRESS         REF BY
           =====                   =======         ======
           ?call_main              000000C1 

    -------------------------------------------------------------------------
  LIBRARY MODULE, NAME : CSTARTUP

  SEGMENTS IN THE MODULE
  ======================
REGISTERS
  Relative segment, address: DATA 00000000, align: 0
  Segment part 0.             Intra module refs:   Segment part 6
           ENTRY                   ADDRESS         REF BY
           =====                   =======         ======
           ?REGISTERS              00000000 
    -------------------------------------------------------------------------
ISTACK
  Relative segment, address: IDATA 000000C0, align: 0
  Segment part 1.             Intra module refs:   Segment part 6
           ENTRY                   ADDRESS         REF BY
           =====                   =======         ======
           ?ISTACK_START           000000C0 
    -------------------------------------------------------------------------
XSTACK
  Relative segment, address: XDATA 00000001, align: 0
  Segment part 3.             Intra module refs:   ?RESET_XSP
           ENTRY                   ADDRESS         REF BY
           =====                   =======         ======
           ?XSTACK_START           00000001 
    -------------------------------------------------------------------------
INTVEC
  Common segment, address: CODE 00000000 - 00000002 (0x3 bytes), align: 0
  Segment part 5. ROOT.       Intra module refs:   Segment part 6
    -------------------------------------------------------------------------
CSTART
  Relative segment, address: CODE 000000C7 - 000000CC (0x6 bytes), align: 0
  Segment part 6. ROOT.       Intra module refs:   Segment part 5
           ENTRY                   ADDRESS         REF BY
           =====                   =======         ======
           __program_start         000000C7        Absolute parts (?ABS_ENTRY_MOD)
           ?RESET_SP               000000CA 
    -------------------------------------------------------------------------
CSTART
  Relative segment, address: CODE 000000CD - 000000D2 (0x6 bytes), align: 0
  Segment part 8.
           ENTRY                   ADDRESS         REF BY
           =====                   =======         ======
           ?RESET_XSP              000000CD        ?XSP (VIRTUAL_REGISTERS)
    -------------------------------------------------------------------------
CSTART
  Relative segment, address: CODE 000000D3 - 000000D5 (0x3 bytes), align: 0
  Segment part 13.            Intra module refs:   Absolute parts

    -------------------------------------------------------------------------
  LIBRARY MODULE, NAME : VIRTUAL_REGISTERS

  SEGMENTS IN THE MODULE
  ======================
BREG
  Relative segment, address: BIT 00000020.0 - 00000020.7 (0x8 bits), align: 0
  Segment part 0.
           ENTRY                   ADDRESS         REF BY
           =====                   =======         ======
           ?B0                     00000020.0      Absolute parts (CSTARTUP)
    -------------------------------------------------------------------------
VREG
  Relative segment, address: DATA 00000008 - 00000008 (0x1 bytes), align: 0
  Segment part 1.             Intra module refs:   ?V1
           ENTRY                   ADDRESS         REF BY
           =====                   =======         ======
           ?V0                     00000008        ?FUNC_ENTER_XDATA (?FUNC_ENTER_XDATA)
                                                   ?FUNC_LEAVE_XDATA (?FUNC_LEAVE_XDATA)
                                                   ?INTERRUPT_ENTER_XSP (?INTERRUPT_ENTER_XSP)
                                                   ?INTERRUPT_LEAVE_XSP (?INTERRUPT_LEAVE_XSP)
                                                   _delay_cycles (adc)
                                                   appLight (adc)
                                                   memcpy (?memcpy)
                                                   port0_ISR (adc)
                                                   port1_ISR (adc)
                                                   port2_ISR (adc)
    -------------------------------------------------------------------------
VREG
  Relative segment, address: DATA 00000009 - 00000009 (0x1 bytes), align: 0
  Segment part 2.             Intra module refs:   ?V2
           ENTRY                   ADDRESS         REF BY
           =====                   =======         ======
           ?V1                     00000009        _delay_cycles (adc)
                                                   appLight (adc)
                                                   memcpy (?memcpy)
                                                   port0_ISR (adc)
                                                   port1_ISR (adc)
                                                   port2_ISR (adc)
    -------------------------------------------------------------------------
VREG
  Relative segment, address: DATA 0000000A - 0000000A (0x1 bytes), align: 0
  Segment part 3.             Intra module refs:   ?V3
           ENTRY                   ADDRESS         REF BY
           =====                   =======         ======
           ?V2                     0000000A        _delay_cycles (adc)
    -------------------------------------------------------------------------
VREG
  Relative segment, address: DATA 0000000B - 0000000B (0x1 bytes), align: 0
  Segment part 4.             Intra module refs:   ?V4
           ENTRY                   ADDRESS         REF BY
           =====                   =======         ======
           ?V3                     0000000B        _delay_cycles (adc)
    -------------------------------------------------------------------------
VREG
  Relative segment, address: DATA 0000000C - 0000000C (0x1 bytes), align: 0
  Segment part 5.             Intra module refs:   ?V5
           ENTRY                   ADDRESS         REF BY
           =====                   =======         ======
           ?V4                     0000000C        _delay_cycles (adc)
    -------------------------------------------------------------------------
VREG
  Relative segment, address: DATA 0000000D - 0000000D (0x1 bytes), align: 0
  Segment part 6.             Intra module refs:   ?V6
           ENTRY                   ADDRESS         REF BY
           =====                   =======         ======
           ?V5                     0000000D        _delay_cycles (adc)
    -------------------------------------------------------------------------
VREG
  Relative segment, address: DATA 0000000E - 0000000E (0x1 bytes), align: 0
  Segment part 7.             Intra module refs:   ?V7
           ENTRY                   ADDRESS         REF BY
           =====                   =======         ======
           ?V6                     0000000E        _delay_cycles (adc)
    -------------------------------------------------------------------------
VREG
  Relative segment, address: DATA 0000000F - 0000000F (0x1 bytes), align: 0
  Segment part 8.
           ENTRY                   ADDRESS         REF BY
           =====                   =======         ======
           ?V7                     0000000F        _delay_cycles (adc)
    -------------------------------------------------------------------------
XSP
  Relative segment, address: DATA 00000010 - 00000011 (0x2 bytes), align: 0
  Segment part 34.
           ENTRY                   ADDRESS         REF BY
           =====                   =======         ======
           ?XSP                    00000010        ?ADD_XSTACK_DISP0_8 (?ADD_XSTACK_DISP8)
                                                   ?DEALLOC_XSTACK8 (?DEALLOC_XSTACK8)
                                                   ?FUNC_ENTER_XDATA (?FUNC_ENTER_XDATA)
                                                   ?FUNC_LEAVE_XDATA (?FUNC_LEAVE_XDATA)
                                                   ?INTERRUPT_ENTER_XSP (?INTERRUPT_ENTER_XSP)
                                                   ?INTERRUPT_LEAVE_XSP (?INTERRUPT_LEAVE_XSP)
                                                   ?RESET_XSP (CSTARTUP)
                                                   ?XSTACK_DISP0_8 (?XSTACK_DISP8)

    -------------------------------------------------------------------------
  LIBRARY MODULE, NAME : ?L_ADD_X

  SEGMENTS IN THE MODULE
  ======================
RCODE
  Relative segment, address: CODE 00000141 - 00000153 (0x13 bytes), align: 0
  Segment part 1.
           ENTRY                   ADDRESS         REF BY
           =====                   =======         ======
           ?L_ADD_X                00000141        _delay_cycles (adc)

    -------------------------------------------------------------------------
  LIBRARY MODULE, NAME : ?XLOAD_R2345

  SEGMENTS IN THE MODULE
  ======================
RCODE
  Relative segment, address: CODE 00000154 - 0000015F (0xc bytes), align: 0
  Segment part 0.
           ENTRY                   ADDRESS         REF BY
           =====                   =======         ======
           ?XLOAD_R2345            00000154        appLight (adc)

    -------------------------------------------------------------------------
  LIBRARY MODULE, NAME : ?MOVE_LONG8_XDATA_IDATA

  SEGMENTS IN THE MODULE
  ======================
RCODE
  Relative segment, address: CODE 00000160 - 0000016C (0xd bytes), align: 0
  Segment part 0.
           ENTRY                   ADDRESS         REF BY
           =====                   =======         ======
           ?MOVE_LONG8_XDATA_IDATA
                                   00000160        ?PUSH_XSTACK_I (?PUSH_XSTACK_I)

    -------------------------------------------------------------------------
  LIBRARY MODULE, NAME : ?S_SHL

  SEGMENTS IN THE MODULE
  ======================
RCODE
  Relative segment, address: CODE 0000016D - 0000016F (0x3 bytes), align: 0
  Segment part 0.
           ENTRY                   ADDRESS         REF BY
           =====                   =======         ======
           ?S_SHL                  0000016D        port0_ISR (adc)
                                                   port1_ISR (adc)
                                                   port2_ISR (adc)
    -------------------------------------------------------------------------
RCODE
  Relative segment, address: CODE 00000170 - 00000172 (0x3 bytes), align: 0
  Segment part 1.             Intra module refs:   Segment part 2
           ENTRY                   ADDRESS         REF BY
           =====                   =======         ======
           ?S_SHL_REW              00000170 
    -------------------------------------------------------------------------
RCODE
  Relative segment, address: CODE 00000173 - 0000017F (0xd bytes), align: 0
  Segment part 2.             Intra module refs:   ?S_SHL
                                                   ?S_SHL_REW

    -------------------------------------------------------------------------
  LIBRARY MODULE, NAME : ?DEALLOC_XSTACK8

  SEGMENTS IN THE MODULE
  ======================
RCODE
  Relative segment, address: CODE 00000180 - 0000019A (0x1b bytes), align: 0
  Segment part 0.
           ENTRY                   ADDRESS         REF BY
           =====                   =======         ======
           ?DEALLOC_XSTACK8        00000180        appLight (adc)

    -------------------------------------------------------------------------
  LIBRARY MODULE, NAME : ?ADD_XSTACK_DISP8

  SEGMENTS IN THE MODULE
  ======================
RCODE
  Relative segment, address: CODE 0000019B - 000001B5 (0x1b bytes), align: 0
  Segment part 1.
           ENTRY                   ADDRESS         REF BY
           =====                   =======         ======
           ?ADD_XSTACK_DISP0_8     0000019B        ?PUSH_XSTACK_I (?PUSH_XSTACK_I)

    -------------------------------------------------------------------------
  LIBRARY MODULE, NAME : ?XSTACK_DISP8

  SEGMENTS IN THE MODULE
  ======================
RCODE
  Relative segment, address: CODE 000001B6 - 000001BF (0xa bytes), align: 0
  Segment part 1.
           ENTRY                   ADDRESS         REF BY
           =====                   =======         ======
           ?XSTACK_DISP0_8         000001B6        memcpy (?memcpy)

    -------------------------------------------------------------------------
  LIBRARY MODULE, NAME : ?CALL_IND

  SEGMENTS IN THE MODULE
  ======================
RCODE
  Relative segment, address: CODE 000001C0 - 000001C1 (0x2 bytes), align: 0
  Segment part 0.
           ENTRY                   ADDRESS         REF BY
           =====                   =======         ======
           ?CALL_IND               000001C0        port0_ISR (adc)
                                                   port1_ISR (adc)
                                                   port2_ISR (adc)
                                                   rfIsr (adc)

    -------------------------------------------------------------------------
  LIBRARY MODULE, NAME : ?FUNC_ENTER_XDATA

  SEGMENTS IN THE MODULE
  ======================
RCODE
  Relative segment, address: CODE 000001C2 - 00000227 (0x66 bytes), align: 0
  Segment part 1.
           ENTRY                   ADDRESS         REF BY
           =====                   =======         ======
           ?FUNC_ENTER_XDATA       000001C2        SET_DDRAM_ADDR (adc)
                                                   _delay_cycles (adc)
                                                   appLight (adc)
                                                   basicRfInit (adc)
                                                   halLcdInit (adc)
                                                   halMcuWaitMs (adc)
                                                   memcpy (?memcpy)

    -------------------------------------------------------------------------
  LIBRARY MODULE, NAME : ?FUNC_LEAVE_XDATA

  SEGMENTS IN THE MODULE
  ======================
RCODE
  Relative segment, address: CODE 00000228 - 00000267 (0x40 bytes), align: 0
  Segment part 1.
           ENTRY                   ADDRESS         REF BY
           =====                   =======         ======
           ?FUNC_LEAVE_XDATA       00000228        ?Subroutine1 (adc)
                                                   _delay_cycles (adc)
                                                   halMcuWaitMs (adc)
                                                   memcpy (?memcpy)

    -------------------------------------------------------------------------
  LIBRARY MODULE, NAME : ?INTERRUPT_ENTER_XSP

  SEGMENTS IN THE MODULE
  ======================
RCODE
  Relative segment, address: CODE 00000268 - 000002C6 (0x5f bytes), align: 0
  Segment part 1.
           ENTRY                   ADDRESS         REF BY
           =====                   =======         ======
           ?INTERRUPT_ENTER_XSP    00000268        port0_ISR (adc)
                                                   port1_ISR (adc)
                                                   port2_ISR (adc)
                                                   rfIsr (adc)

    -------------------------------------------------------------------------
  LIBRARY MODULE, NAME : ?INTERRUPT_LEAVE_XSP

  SEGMENTS IN THE MODULE
  ======================
RCODE
  Relative segment, address: CODE 000002C7 - 0000031E (0x58 bytes), align: 0
  Segment part 1.
           ENTRY                   ADDRESS         REF BY
           =====                   =======         ======
           ?INTERRUPT_LEAVE_XSP    000002C7        ?Subroutine2 (adc)
                                                   rfIsr (adc)

    -------------------------------------------------------------------------
  LIBRARY MODULE, NAME : ?PUSH_XSTACK_I

  SEGMENTS IN THE MODULE
  ======================
RCODE
  Relative segment, address: CODE 0000031F - 00000322 (0x4 bytes), align: 0
  Segment part 2.
           ENTRY                   ADDRESS         REF BY
           =====                   =======         ======
           ?PUSH_XSTACK_I_TWO      0000031F        appLight (adc)
    -------------------------------------------------------------------------
RCODE
  Relative segment, address: CODE 00000323 - 0000032F (0xd bytes), align: 0
  Segment part 4.             Intra module refs:   ?PUSH_XSTACK_I_TWO
           ENTRY                   ADDRESS         REF BY
           =====                   =======         ======
           ?PUSH_XSTACK_I          00000323 

    -------------------------------------------------------------------------
  LIBRARY MODULE, NAME : ?memcpy

  SEGMENTS IN THE MODULE
  ======================
NEAR_CODE
  Relative segment, address: CODE 00000A0B - 00000A50 (0x46 bytes), align: 0
  Segment part 6.
           ENTRY                   ADDRESS         REF BY
           =====                   =======         ======
           memcpy                  00000A0B        appLight (adc)
               XSTACK = 00000002 ( 00000009 )
               ISTACK = 00000000 ( 00000001 )




                ****************************************
                *                                      *
                *            MODULE SUMMARY            *
                *                                      *
                ****************************************

Module                    CODE      DATA      XDATA  IDATA    BIT
------                    ----      ----      -----  -----    ---
                         (Rel)  (Rel)  (Abs)  (Rel)  (Rel)  (Rel)
?ADD_XSTACK_DISP8           27
?CALL_IND                    2
?DEALLOC_XSTACK8            27
?FUNC_ENTER_XDATA          102
?FUNC_LEAVE_XDATA           64
?INTERRUPT_ENTER_XSP        95
?INTERRUPT_LEAVE_XSP        88
?L_ADD_X                    19
?MOVE_LONG8_XDATA_IDATA     13
?PUSH_XSTACK_I              17
?S_SHL                      19
?XLOAD_R2345                12
?XSTACK_DISP8               10
?cexit                       5
?cmain                      60
?memcpy                     70
CSTARTUP                    15
  + common                   3
VIRTUAL_REGISTERS                  10                           8
adc                      1 862            35    296
  + common                 134
N/A (command line)                  8           256     64
N/A (alignment)
----------               -----     --     --    ---     --      -
Total:                   2 507     18     35    552     64      8
  + common                 134


                ****************************************
                *                                      *
                *      SEGMENTS IN ADDRESS ORDER       *
                *                                      *
                ****************************************


SEGMENT              SPACE    START ADDRESS   END ADDRESS     SIZE  TYPE  ALIGN
=======              =====    =============   ===========     ====  ====  =====
INTVEC               CODE          00000000 - 00000085          86   com    0
CSTART               CODE          00000086 - 000000D5          50   rel    0
DATA_ID              CODE               000000D6                     dse    0
BDATA_ID             CODE               000000D6                     dse    0
BIT_ID               CODE               000000D6                     dse    0
IDATA_ID             CODE               000000D6                     dse    0
IXDATA_ID            CODE               000000D6                     dse    0
PDATA_ID             CODE               000000D6                     dse    0
XDATA_ID             CODE          000000D6 - 00000140          6B   rel    0
RCODE                CODE          00000141 - 0000032F         1EF   rel    0
DIFUNCT              CODE               00000330                     dse    0
CODE_C               CODE               00000330                     dse    0
CODE_N               CODE               00000330                     dse    0
NEAR_CODE            CODE          00000330 - 00000A50         721   rel    0
REGISTERS            DATA          00000000 - 00000007           8   rel    0
VREG                 DATA          00000008 - 0000000F           8   rel    0
PSP                  DATA               00000010                     dse    0
XSP                  DATA          00000010 - 00000011           2   rel    0
BREG                 BIT        00000020.0  -  00000020.7        8   rel    0
SFR_AN               DATA          00000080 - 00000080           1   rel    0
                     DATA          00000086 - 00000086           1 
                     DATA          00000089 - 0000008B           3 
                     DATA          0000008F - 00000090           2 
                     DATA          0000009A - 0000009B           2 
                     DATA          0000009D - 0000009E           2 
                     DATA          000000A8 - 000000A8           1 
                     DATA          000000BE - 000000BE           1 
                     DATA          000000C0 - 000000C2           3 
                     DATA          000000C5 - 000000C6           2 
                     DATA          000000D9 - 000000D9           1 
                     DATA          000000E1 - 000000E1           1 
                     DATA          000000E8 - 000000E9           2 
                     DATA          000000F1 - 000000F1           1 
                     DATA          000000F3 - 000000F5           3 
                     DATA          000000F7 - 000000FF           9 
XSTACK               XDATA         00000001 - 00000100         100   rel    0
XDATA_Z              XDATA         00000101 - 000001BD          BD   rel    0
XDATA_I              XDATA         000001BE - 00000228          6B   rel    0
ISTACK               IDATA         000000C0 - 000000FF          40   rel    0

                ****************************************
                *                                      *
                *        END OF CROSS REFERENCE        *
                *                                      *
                ****************************************

 2 641 bytes of CODE  memory
    18 bytes of DATA  memory (+ 35 absolute )
   552 bytes of XDATA memory
    64 bytes of IDATA memory
     8 bits  of BIT   memory

Errors: none
Warnings: none

